Browserslist: browsers data (caniuse-lite) is 15 months old. Please run:
  npx update-browserslist-db@latest
  Why you should do it regularly: https://github.com/browserslist/update-db#readme

warn - The class `ease-[cubic-bezier(0.16,1,0.3,1)]` is ambiguous and matches multiple utilities.
warn - If this is content and not a class, replace it with `ease-&lsqb;cubic-bezier(0.16,1,0.3,1)&rsqb;` to silence this warning.

warn - The class `ease-[cubic-bezier(0.34,1.56,0.64,1)]` is ambiguous and matches multiple utilities.
warn - If this is content and not a class, replace it with `ease-&lsqb;cubic-bezier(0.34,1.56,0.64,1)&rsqb;` to silence this warning.
12:49:45 PM [vite] Internal server error:   x Expected ',', got ':'
      ,-[C:/Users/cunan/OneDrive/Desktop/Best Maid/Helped-web/frontend/src/pages/AiAgentsPage.tsx:1709:1]
 1706 |     const response = await fetch("/api/ai/command-center/chat", {
 1707 |       method: "POST",
 1708 |       headers: { "Content-Type": "application/json" },
 1709 |       body: JSON.stringify({ messages: apiMessages, system: systemPrompt: systemPrompt + actionContract }),
      :                                                                         ^
 1710 |       // Never leave the chat UI in its loading state if a local Worker or Make
 1711 |       // scenario stops responding. The Worker itself has a shorter Make timeout.
 1712 |       signal: AbortSignal.timeout(35_000),
      `----


Caused by:
    Syntax Error
  Plugin: vite:react-swc
  File: C:/Users/cunan/OneDrive/Desktop/Best Maid/Helped-web/frontend/src/pages/AiAgentsPage.tsx
  
1:57:36 PM [vite] Internal server error:   x Expression expected
      ,-[C:/Users/cunan/OneDrive/Desktop/Best Maid/Helped-web/frontend/src/pages/AiAgentsPage.tsx:1601:1]
 1598 |       <p key={`p-${output.length}`} className={`${isUser ? "text-white" : "text-slate-800"} my-1.5 leading-relaxed`}>
 1599 |         <span className="font-medium">{formatCommandCenterInlineText(paragraph.join(" "))}</span>
 1600 |       </p>,
 1601 |     );
      :     ^
 1602 |     paragraph = [];
 1603 |     previousWasList = false;
 1603 |   };
      `----


Caused by:
    Syntax Error
  Plugin: vite:react-swc
  File: C:/Users/cunan/OneDrive/Desktop/Best Maid/Helped-web/frontend/src/pages/AiAgentsPage.tsx
  
1:57:59 PM [vite] Internal server error:   x Expression expected
      ,-[C:/Users/cunan/OneDrive/Desktop/Best Maid/Helped-web/frontend/src/pages/AiAgentsPage.tsx:1601:1]
 1598 |       <p key={`p-${output.length}`} className={`${isUser ? "text-white" : "text-slate-800"} my-1.5 leading-relaxed`}>
 1599 |         <span className="font-medium">{formatCommandCenterInlineText(paragraph.join(" "))}</span>
 1600 |       </p>,
 1601 |     );
      :     ^
 1602 |     paragraph = [];
 1603 |     previousWasList = false;
 1603 |   };
      `----


Caused by:
    Syntax Error
  Plugin: vite:react-swc
  File: C:/Users/cunan/OneDrive/Desktop/Best Maid/Helped-web/frontend/src/pages/AiAgentsPage.tsx
  
2:13:34 PM [vite] Internal server error:   x Expression expected
      ,-[C:/Users/cunan/OneDrive/Desktop/Best Maid/Helped-web/frontend/src/pages/AiAgentsPage.tsx:1632:1]
 1629 |       <p key={`p-${output.length}`} className={`${isUser ? "text-white" : "text-slate-800"} my-1.5 leading-relaxed`}>
 1630 |         <span className="font-medium">{formatCommandCenterInlineText(paragraph.join(" "))}</span>
 1631 |       </p>,
 1632 |     );
      :     ^
 1633 |     paragraph = [];
 1634 |     previousWasList = false;
 1634 |   };
      `----


Caused by:
    Syntax Error
  Plugin: vite:react-swc
  File: C:/Users/cunan/OneDrive/Desktop/Best Maid/Helped-web/frontend/src/pages/AiAgentsPage.tsx
  
2:13:36 PM [vite] Internal server error:   x Expression expected
      ,-[C:/Users/cunan/OneDrive/Desktop/Best Maid/Helped-web/frontend/src/pages/AiAgentsPage.tsx:1632:1]
 1629 |       <p key={`p-${output.length}`} className={`${isUser ? "text-white" : "text-slate-800"} my-1.5 leading-relaxed`}>
 1630 |         <span className="font-medium">{formatCommandCenterInlineText(paragraph.join(" "))}</span>
 1631 |       </p>,
 1632 |     );
      :     ^
 1633 |     paragraph = [];
 1634 |     previousWasList = false;
 1634 |   };
      `----


Caused by:
    Syntax Error
  Plugin: vite:react-swc
  File: C:/Users/cunan/OneDrive/Desktop/Best Maid/Helped-web/frontend/src/pages/AiAgentsPage.tsx
  
2:15:47 PM [vite] Internal server error:   x Expression expected
      ,-[C:/Users/cunan/OneDrive/Desktop/Best Maid/Helped-web/frontend/src/pages/AiAgentsPage.tsx:1642:1]
 1639 |       <p key={`p-${output.length}`} className={`${isUser ? "text-white" : "text-slate-800"} my-1.5 leading-relaxed`}>
 1640 |         <span className="font-medium">{formatCommandCenterInlineText(paragraph.join(" "))}</span>
 1641 |       </p>,
 1642 |     );
      :     ^
 1643 |     paragraph = [];
 1644 |     previousWasList = false;
 1644 |   };
      `----


Caused by:
    Syntax Error
  Plugin: vite:react-swc
  File: C:/Users/cunan/OneDrive/Desktop/Best Maid/Helped-web/frontend/src/pages/AiAgentsPage.tsx
  
2:16:03 PM [vite] Internal server error:   x Expression expected
      ,-[C:/Users/cunan/OneDrive/Desktop/Best Maid/Helped-web/frontend/src/pages/AiAgentsPage.tsx:1642:1]
 1639 |       <p key={`p-${output.length}`} className={`${isUser ? "text-white" : "text-slate-800"} my-1.5 leading-relaxed`}>
 1640 |         <span className="font-medium">{formatCommandCenterInlineText(paragraph.join(" "))}</span>
 1641 |       </p>,
 1642 |     );
      :     ^
 1643 |     paragraph = [];
 1644 |     previousWasList = false;
 1644 |   };
      `----


Caused by:
    Syntax Error
  Plugin: vite:react-swc
  File: C:/Users/cunan/OneDrive/Desktop/Best Maid/Helped-web/frontend/src/pages/AiAgentsPage.tsx
  
2:20:37 PM [vite] http proxy error: /api/chats/admin/summary
AggregateError [ECONNREFUSED]: 
    at internalConnectMultiple (node:net:1139:18)
    at afterConnectMultiple (node:net:1712:7)
2:20:37 PM [vite] http proxy error: /api/company/summary
AggregateError [ECONNREFUSED]: 
    at internalConnectMultiple (node:net:1139:18)
    at afterConnectMultiple (node:net:1712:7)
2:20:37 PM [vite] http proxy error: /api/company
AggregateError [ECONNREFUSED]: 
    at internalConnectMultiple (node:net:1139:18)
    at afterConnectMultiple (node:net:1712:7)
2:20:37 PM [vite] http proxy error: /api/ats/applications/unread-count
AggregateError [ECONNREFUSED]: 
    at internalConnectMultiple (node:net:1139:18)
    at afterConnectMultiple (node:net:1712:7)
2:20:42 PM [vite] http proxy error: /api/chats/admin/summary
AggregateError [ECONNREFUSED]: 
    at internalConnectMultiple (node:net:1139:18)
    at afterConnectMultiple (node:net:1712:7)
2:20:42 PM [vite] http proxy error: /api/company/summary
AggregateError [ECONNREFUSED]: 
    at internalConnectMultiple (node:net:1139:18)
    at afterConnectMultiple (node:net:1712:7)
2:20:42 PM [vite] http proxy error: /api/company
AggregateError [ECONNREFUSED]: 
    at internalConnectMultiple (node:net:1139:18)
    at afterConnectMultiple (node:net:1712:7)
2:20:42 PM [vite] http proxy error: /api/ats/applications/unread-count
AggregateError [ECONNREFUSED]: 
    at internalConnectMultiple (node:net:1139:18)
    at afterConnectMultiple (node:net:1712:7)
2:20:47 PM [vite] http proxy error: /api/chats/admin/summary
AggregateError [ECONNREFUSED]: 
    at internalConnectMultiple (node:net:1139:18)
    at afterConnectMultiple (node:net:1712:7)
2:20:47 PM [vite] http proxy error: /api/company/summary
AggregateError [ECONNREFUSED]: 
    at internalConnectMultiple (node:net:1139:18)
    at afterConnectMultiple (node:net:1712:7)
2:20:47 PM [vite] http proxy error: /api/company
AggregateError [ECONNREFUSED]: 
    at internalConnectMultiple (node:net:1139:18)
    at afterConnectMultiple (node:net:1712:7)
2:20:47 PM [vite] http proxy error: /api/ats/applications/unread-count
AggregateError [ECONNREFUSED]: 
    at internalConnectMultiple (node:net:1139:18)
    at afterConnectMultiple (node:net:1712:7)
2:20:52 PM [vite] http proxy error: /api/chats/admin/summary
AggregateError [ECONNREFUSED]: 
    at internalConnectMultiple (node:net:1139:18)
    at afterConnectMultiple (node:net:1712:7)
2:20:59 PM [vite] http proxy error: /api/company/summary
AggregateError [ECONNREFUSED]: 
    at internalConnectMultiple (node:net:1139:18)
    at afterConnectMultiple (node:net:1712:7)
2:21:00 PM [vite] http proxy error: /api/company
AggregateError [ECONNREFUSED]: 
    at internalConnectMultiple (node:net:1139:18)
    at afterConnectMultiple (node:net:1712:7)
2:21:00 PM [vite] http proxy error: /api/ats/applications/unread-count
AggregateError [ECONNREFUSED]: 
    at internalConnectMultiple (node:net:1139:18)
    at afterConnectMultiple (node:net:1712:7)
2:24:55 PM [vite] http proxy error: /api/chats/admin/summary
AggregateError [ECONNREFUSED]: 
    at internalConnectMultiple (node:net:1139:18)
    at afterConnectMultiple (node:net:1712:7)
2:24:55 PM [vite] http proxy error: /api/company/summary
AggregateError [ECONNREFUSED]: 
    at internalConnectMultiple (node:net:1139:18)
    at afterConnectMultiple (node:net:1712:7)
2:24:55 PM [vite] http proxy error: /api/ats/applications/unread-count
AggregateError [ECONNREFUSED]: 
    at internalConnectMultiple (node:net:1139:18)
    at afterConnectMultiple (node:net:1712:7)
2:24:55 PM [vite] http proxy error: /api/company
AggregateError [ECONNREFUSED]: 
    at internalConnectMultiple (node:net:1139:18)
    at afterConnectMultiple (node:net:1712:7)
2:25:04 PM [vite] http proxy error: /api/chats/admin/summary
AggregateError [ECONNREFUSED]: 
    at internalConnectMultiple (node:net:1139:18)
    at afterConnectMultiple (node:net:1712:7)
2:25:04 PM [vite] http proxy error: /api/company/summary
AggregateError [ECONNREFUSED]: 
    at internalConnectMultiple (node:net:1139:18)
    at afterConnectMultiple (node:net:1712:7)
2:25:04 PM [vite] http proxy error: /api/company
AggregateError [ECONNREFUSED]: 
    at internalConnectMultiple (node:net:1139:18)
    at afterConnectMultiple (node:net:1712:7)
2:25:04 PM [vite] http proxy error: /api/ats/applications/unread-count
AggregateError [ECONNREFUSED]: 
    at internalConnectMultiple (node:net:1139:18)
    at afterConnectMultiple (node:net:1712:7)
2:26:04 PM [vite] http proxy error: /api/chats/admin/summary
AggregateError [ECONNREFUSED]: 
    at internalConnectMultiple (node:net:1139:18)
    at afterConnectMultiple (node:net:1712:7)
2:26:04 PM [vite] http proxy error: /api/company/summary
AggregateError [ECONNREFUSED]: 
    at internalConnectMultiple (node:net:1139:18)
    at afterConnectMultiple (node:net:1712:7)
2:26:04 PM [vite] http proxy error: /api/company
AggregateError [ECONNREFUSED]: 
    at internalConnectMultiple (node:net:1139:18)
    at afterConnectMultiple (node:net:1712:7)
2:26:04 PM [vite] http proxy error: /api/ats/applications/unread-count
AggregateError [ECONNREFUSED]: 
    at internalConnectMultiple (node:net:1139:18)
    at afterConnectMultiple (node:net:1712:7)
2:27:04 PM [vite] http proxy error: /api/chats/admin/summary
AggregateError [ECONNREFUSED]: 
    at internalConnectMultiple (node:net:1139:18)
    at afterConnectMultiple (node:net:1712:7)
2:27:04 PM [vite] http proxy error: /api/company/summary
AggregateError [ECONNREFUSED]: 
    at internalConnectMultiple (node:net:1139:18)
    at afterConnectMultiple (node:net:1712:7)
2:27:04 PM [vite] http proxy error: /api/company
AggregateError [ECONNREFUSED]: 
    at internalConnectMultiple (node:net:1139:18)
    at afterConnectMultiple (node:net:1712:7)
2:27:04 PM [vite] http proxy error: /api/ats/applications/unread-count
AggregateError [ECONNREFUSED]: 
    at internalConnectMultiple (node:net:1139:18)
    at afterConnectMultiple (node:net:1712:7)
2:27:08 PM [vite] http proxy error: /api/chats/admin/summary
AggregateError [ECONNREFUSED]: 
    at internalConnectMultiple (node:net:1139:18)
    at afterConnectMultiple (node:net:1712:7)
2:27:08 PM [vite] http proxy error: /api/company/summary
AggregateError [ECONNREFUSED]: 
    at internalConnectMultiple (node:net:1139:18)
    at afterConnectMultiple (node:net:1712:7)
2:27:08 PM [vite] http proxy error: /api/company
AggregateError [ECONNREFUSED]: 
    at internalConnectMultiple (node:net:1139:18)
    at afterConnectMultiple (node:net:1712:7)
2:27:08 PM [vite] http proxy error: /api/ats/applications/unread-count
AggregateError [ECONNREFUSED]: 
    at internalConnectMultiple (node:net:1139:18)
    at afterConnectMultiple (node:net:1712:7)
2:27:12 PM [vite] http proxy error: /api/chats/admin/summary
AggregateError [ECONNREFUSED]: 
    at internalConnectMultiple (node:net:1139:18)
    at afterConnectMultiple (node:net:1712:7)
2:27:12 PM [vite] http proxy error: /api/company/summary
AggregateError [ECONNREFUSED]: 
    at internalConnectMultiple (node:net:1139:18)
    at afterConnectMultiple (node:net:1712:7)
2:27:12 PM [vite] http proxy error: /api/company
AggregateError [ECONNREFUSED]: 
    at internalConnectMultiple (node:net:1139:18)
    at afterConnectMultiple (node:net:1712:7)
2:27:12 PM [vite] http proxy error: /api/ats/applications/unread-count
AggregateError [ECONNREFUSED]: 
    at internalConnectMultiple (node:net:1139:18)
    at afterConnectMultiple (node:net:1712:7)
2:27:17 PM [vite] http proxy error: /api/chats/admin/summary
AggregateError [ECONNREFUSED]: 
    at internalConnectMultiple (node:net:1139:18)
    at afterConnectMultiple (node:net:1712:7)
2:27:17 PM [vite] http proxy error: /api/company/summary
AggregateError [ECONNREFUSED]: 
    at internalConnectMultiple (node:net:1139:18)
    at afterConnectMultiple (node:net:1712:7)
2:27:17 PM [vite] http proxy error: /api/company
AggregateError [ECONNREFUSED]: 
    at internalConnectMultiple (node:net:1139:18)
    at afterConnectMultiple (node:net:1712:7)
2:27:17 PM [vite] http proxy error: /api/ats/applications/unread-count
AggregateError [ECONNREFUSED]: 
    at internalConnectMultiple (node:net:1139:18)
    at afterConnectMultiple (node:net:1712:7)
2:27:22 PM [vite] http proxy error: /api/chats/admin/summary
AggregateError [ECONNREFUSED]: 
    at internalConnectMultiple (node:net:1139:18)
    at afterConnectMultiple (node:net:1712:7)
2:27:22 PM [vite] http proxy error: /api/company/summary
AggregateError [ECONNREFUSED]: 
    at internalConnectMultiple (node:net:1139:18)
    at afterConnectMultiple (node:net:1712:7)
2:27:22 PM [vite] http proxy error: /api/company
AggregateError [ECONNREFUSED]: 
    at internalConnectMultiple (node:net:1139:18)
    at afterConnectMultiple (node:net:1712:7)
2:27:22 PM [vite] http proxy error: /api/ats/applications/unread-count
AggregateError [ECONNREFUSED]: 
    at internalConnectMultiple (node:net:1139:18)
    at afterConnectMultiple (node:net:1712:7)
2:27:27 PM [vite] http proxy error: /api/chats/admin/summary
AggregateError [ECONNREFUSED]: 
    at internalConnectMultiple (node:net:1139:18)
    at afterConnectMultiple (node:net:1712:7)
2:27:27 PM [vite] http proxy error: /api/company/summary
AggregateError [ECONNREFUSED]: 
    at internalConnectMultiple (node:net:1139:18)
    at afterConnectMultiple (node:net:1712:7)
2:27:27 PM [vite] http proxy error: /api/company
AggregateError [ECONNREFUSED]: 
    at internalConnectMultiple (node:net:1139:18)
    at afterConnectMultiple (node:net:1712:7)
2:27:27 PM [vite] http proxy error: /api/ats/applications/unread-count
AggregateError [ECONNREFUSED]: 
    at internalConnectMultiple (node:net:1139:18)
    at afterConnectMultiple (node:net:1712:7)
2:27:32 PM [vite] http proxy error: /api/chats/admin/summary
AggregateError [ECONNREFUSED]: 
    at internalConnectMultiple (node:net:1139:18)
    at afterConnectMultiple (node:net:1712:7)
2:27:32 PM [vite] http proxy error: /api/company/summary
AggregateError [ECONNREFUSED]: 
    at internalConnectMultiple (node:net:1139:18)
    at afterConnectMultiple (node:net:1712:7)
2:27:32 PM [vite] http proxy error: /api/company
AggregateError [ECONNREFUSED]: 
    at internalConnectMultiple (node:net:1139:18)
    at afterConnectMultiple (node:net:1712:7)
2:27:32 PM [vite] http proxy error: /api/ats/applications/unread-count
AggregateError [ECONNREFUSED]: 
    at internalConnectMultiple (node:net:1139:18)
    at afterConnectMultiple (node:net:1712:7)
2:27:37 PM [vite] http proxy error: /api/chats/admin/summary
AggregateError [ECONNREFUSED]: 
    at internalConnectMultiple (node:net:1139:18)
    at afterConnectMultiple (node:net:1712:7)
2:27:37 PM [vite] http proxy error: /api/company/summary
AggregateError [ECONNREFUSED]: 
    at internalConnectMultiple (node:net:1139:18)
    at afterConnectMultiple (node:net:1712:7)
2:27:37 PM [vite] http proxy error: /api/company
AggregateError [ECONNREFUSED]: 
    at internalConnectMultiple (node:net:1139:18)
    at afterConnectMultiple (node:net:1712:7)
2:27:37 PM [vite] http proxy error: /api/ats/applications/unread-count
AggregateError [ECONNREFUSED]: 
    at internalConnectMultiple (node:net:1139:18)
    at afterConnectMultiple (node:net:1712:7)
2:27:42 PM [vite] http proxy error: /api/chats/admin/summary
AggregateError [ECONNREFUSED]: 
    at internalConnectMultiple (node:net:1139:18)
    at afterConnectMultiple (node:net:1712:7)
2:27:42 PM [vite] http proxy error: /api/company/summary
AggregateError [ECONNREFUSED]: 
    at internalConnectMultiple (node:net:1139:18)
    at afterConnectMultiple (node:net:1712:7)
2:27:42 PM [vite] http proxy error: /api/company
AggregateError [ECONNREFUSED]: 
    at internalConnectMultiple (node:net:1139:18)
    at afterConnectMultiple (node:net:1712:7)
2:27:42 PM [vite] http proxy error: /api/ats/applications/unread-count
AggregateError [ECONNREFUSED]: 
    at internalConnectMultiple (node:net:1139:18)
    at afterConnectMultiple (node:net:1712:7)
2:27:47 PM [vite] http proxy error: /api/chats/admin/summary
AggregateError [ECONNREFUSED]: 
    at internalConnectMultiple (node:net:1139:18)
    at afterConnectMultiple (node:net:1712:7)
2:27:47 PM [vite] http proxy error: /api/company/summary
AggregateError [ECONNREFUSED]: 
    at internalConnectMultiple (node:net:1139:18)
    at afterConnectMultiple (node:net:1712:7)
2:27:47 PM [vite] http proxy error: /api/company
AggregateError [ECONNREFUSED]: 
    at internalConnectMultiple (node:net:1139:18)
    at afterConnectMultiple (node:net:1712:7)
2:27:47 PM [vite] http proxy error: /api/ats/applications/unread-count
AggregateError [ECONNREFUSED]: 
    at internalConnectMultiple (node:net:1139:18)
    at afterConnectMultiple (node:net:1712:7)
2:27:48 PM [vite] http proxy error: /api/chats/admin/summary
AggregateError [ECONNREFUSED]: 
    at internalConnectMultiple (node:net:1139:18)
    at afterConnectMultiple (node:net:1712:7)
2:27:48 PM [vite] http proxy error: /api/agency-auth/me
AggregateError [ECONNREFUSED]: 
    at internalConnectMultiple (node:net:1139:18)
    at afterConnectMultiple (node:net:1712:7)
2:27:48 PM [vite] http proxy error: /api/company/summary
AggregateError [ECONNREFUSED]: 
    at internalConnectMultiple (node:net:1139:18)
    at afterConnectMultiple (node:net:1712:7)
2:27:48 PM [vite] http proxy error: /api/company
AggregateError [ECONNREFUSED]: 
    at internalConnectMultiple (node:net:1139:18)
    at afterConnectMultiple (node:net:1712:7)
2:27:48 PM [vite] http proxy error: /api/ats/applications/unread-count
AggregateError [ECONNREFUSED]: 
    at internalConnectMultiple (node:net:1139:18)
    at afterConnectMultiple (node:net:1712:7)
2:27:55 PM [vite] http proxy error: /api/agency-auth/login
AggregateError [ECONNREFUSED]: 
    at internalConnectMultiple (node:net:1139:18)
    at afterConnectMultiple (node:net:1712:7)
3:28:28 PM [vite] Internal server error:   x Expression expected
      ,-[C:/Users/cunan/OneDrive/Desktop/Best Maid/Helped-web/frontend/src/pages/AiAgentsPage.tsx:1642:1]
 1639 |       <p key={`p-${output.length}`} className={`${isUser ? "text-white" : "text-slate-800"} my-1.5 leading-relaxed`}>
 1640 |         <span className="font-medium">{formatCommandCenterInlineText(paragraph.join(" "))}</span>
 1641 |       </p>,
 1642 |     );
      :     ^
 1643 |     paragraph = [];
 1644 |     previousWasList = false;
 1644 |   };
      `----


Caused by:
    Syntax Error
  Plugin: vite:react-swc
  File: C:/Users/cunan/OneDrive/Desktop/Best Maid/Helped-web/frontend/src/pages/AiAgentsPage.tsx
  
